<html>
<body>
<pre>
<h1>礦ision Build Log</h1>
<h2>Tool Versions:</h2>
IDE-Version: μVision V5.37.0.0
Copyright (C) 2022 ARM Ltd and ARM Germany GmbH. All rights reserved.
License Information: 1 1519713089@qq.com, 1, LIC=JL28G-VPBDK-PC1J8-3NX3U-ML326-FYCQ5
 
Tool Versions:
Toolchain:       MDK-ARM Plus  Version: 5.37.0.0
Toolchain Path:  F:\KEIL5\ARM\ARMCC\Bin
C Compiler:      Armcc.exe V5.05 update 2 (build 169)
Assembler:       Armasm.exe V5.05 update 2 (build 169)
Linker/Locator:  ArmLink.exe V5.05 update 2 (build 169)
Library Manager: ArmAr.exe V5.05 update 2 (build 169)
Hex Converter:   FromElf.exe V5.05 update 2 (build 169)
CPU DLL:         SARMCM3.DLL V5.37.0.0
Dialog DLL:      DCM.DLL V1.17.5.0
Target DLL:      STLink\ST-LINKIII-KEIL_SWO.dll V3.0.9.0
Dialog DLL:      TCM.DLL V1.56.1.0
 
<h2>Project:</h2>
F:\STM32\STM32工程基本模板\Project.uvprojx
Project File Date:  03/08/2023

<h2>Output:</h2>
*** Using Compiler 'V5.05 update 2 (build 169)', folder: 'F:\KEIL5\ARM\ARMCC\Bin'
Rebuild target 'Target 1'
assembling startup_stm32f10x_md.s...
compiling misc.c...
compiling system_stm32f10x.c...
compiling stm32f10x_can.c...
compiling core_cm3.c...
compiling stm32f10x_adc.c...
compiling stm32f10x_bkp.c...
compiling stm32f10x_exti.c...
compiling stm32f10x_dma.c...
compiling stm32f10x_cec.c...
compiling stm32f10x_crc.c...
compiling stm32f10x_dbgmcu.c...
compiling stm32f10x_fsmc.c...
compiling stm32f10x_dac.c...
compiling stm32f10x_flash.c...
compiling stm32f10x_gpio.c...
compiling stm32f10x_iwdg.c...
compiling stm32f10x_i2c.c...
compiling stm32f10x_pwr.c...
compiling stm32f10x_rcc.c...
compiling stm32f10x_rtc.c...
compiling stm32f10x_sdio.c...
compiling stm32f10x_spi.c...
compiling stm32f10x_usart.c...
compiling stm32f10x_wwdg.c...
compiling stm32f10x_tim.c...
compiling Delay.c...
compiling OLED.c...
compiling Sys.c...
compiling Buzzer.c...
Hardware\Buzzer.c(37): warning:  #1-D: last line of file ends without a newline
  }
Hardware\Buzzer.c: 1 warning, 0 errors
compiling LightSensor.c...
Hardware\LightSensor.c(19): warning:  #1-D: last line of file ends without a newline
  }
Hardware\LightSensor.c: 1 warning, 0 errors
compiling main.c...
.\Hardware\Buzzer.h(7): warning:  #1-D: last line of file ends without a newline
  #endif
.\Hardware\LightSensor.h(4): warning:  #1295-D: Deprecated declaration LightSensor_Get - give arg types
  uint8_t LightSensor_Get();
.\Hardware\LightSensor.h(6): warning:  #1295-D: Deprecated declaration LightSensor_Get - give arg types
  uint8_t LightSensor_Get();
.\Hardware\LightSensor.h(7): warning:  #1-D: last line of file ends without a newline
  #endif
User\main.c(22): warning:  #1-D: last line of file ends without a newline
  //瀹?鐜?閬?浣?鍏?鏁?鐢?闃?锛?铚?楦?鍣?鍝?鐨?鍔?鑳?
User\main.c: 5 warnings, 0 errors
compiling stm32f10x_it.c...
linking...
Program Size: Code=1188 RO-data=252 RW-data=0 ZI-data=1632  
".\Objects\Project.axf" - 0 Error(s), 7 Warning(s).

<h2>Software Packages used:</h2>

Package Vendor: Keil
                http://www.keil.com/pack/Keil.STM32F1xx_DFP.2.3.0.pack
                Keil.STM32F1xx_DFP.2.3.0
                STMicroelectronics STM32F1 Series Device Support, Drivers and Examples

<h2>Collection of Component include folders:</h2>
  F:/KEIL5/ARM/Pack/Keil/STM32F1xx_DFP/2.3.0/Device/Include

<h2>Collection of Component Files used:</h2>
Build Time Elapsed:  00:00:06
</pre>
</body>
</html>
